// Jest Snapshot v1, https://goo.gl/fbAQLP

exports[`renders correctly 1`] = `
Array [
  <div
    className="navbar"
  >
    <h1>
      Math Magicians
    </h1>
    <div
      className="nav"
    >
      <a
        href="/"
        onClick={[Function]}
      >
        Home 
      </a>
      <a
        href="/App"
        onClick={[Function]}
      >
        Calculator 
      </a>
      <a
        href="/Quote"
        onClick={[Function]}
      >
        Quote 
      </a>
    </div>
  </div>,
  <h1>
    Welcome to our page!
  </h1>,
  <p>
    Lorem ipsum dolor, sit amet consectetur adipisicing elit. Consequuntur, quis delectus. Aliquid qui recusandae, maiores tempora perspiciatis officiis nobis reprehenderit blanditiis dolor, iure ad odit rem iusto, natus necessitatibus perferendis unde veritatis consequatur assumenda quo cumque atque ratione alias? Vero molestias facere animi dolores pariatur debitis quos at consectetur laudantium, similique, itaque, nesciunt veritatis ex?
  </p>,
  <p>
    Lorem ipsum dolor sit amet consectetur adipisicing elit. Tenetur illum dicta libero voluptatum vitae molestias, porro corrupti sit corporis omnis architecto error quod fuga temporibus assumenda! Saepe, voluptatum id neque a veritatis eveniet quos molestiae, doloribus consectetur eaque autem fugiat ex architecto accusantium. Libero odio impedit deserunt quasi expedita? Quidem reiciendis illum porro minus voluptates ut, quibusdam cumque ducimus suscipit!
  </p>,
]
`;
